// Bun Snapshot v1, https://jestjs.io/docs/snapshot-testing

exports[`can run a .c file: cc-fixture-stderr 1`] = `"Hello, World!"`;

exports[`can run a .c file: cc-fixture-stdout 1`] = `
"Hello, World!
Hello, World!
Hi!, 123 == 123
bool true = 1, bool false = 0"
`;
