// Bun Snapshot v1, https://jestjs.io/docs/snapshot-testing

exports[`expect() toMatchSnapshot to return undefined 1`] = `"abc"`;

exports[`expect() toThrowErrorMatchingSnapshot to return undefined 1`] = `undefined`;

exports[`expect() toThrowErrorMatchingSnapshot to return undefined: undefined 1`] = `undefined`;
