// Bun Snapshot v1, https://jestjs.io/docs/snapshot-testing

exports[`bun pm migrate 1`] = `"E7F4C15F76D43059-37ed01456afdc149-B17A9541F8322712-04892ad4e094e703"`;
