// Bun Snapshot v1, https://jestjs.io/docs/snapshot-testing

exports[`macros should not lead to seg faults under any given input 1`] = `
"2 | fn(\`Â©\${Number(0)}\`);
    ^
error: "Cannot convert argument type to JS" error in macro
    at [dir]/index.ts:2:1"
`;
